MSBuild version 17.14.23+b0019275e for .NET Framework

  main.cpp
  Window.cpp
E:\computer science\school course\cse 169\pa1\include\Window.h(28,19): error C2086: 'GLuint Window::skinShaderProgram': redefinition [E:\computer science\school course\cse 169\pa1\build\menv.vcxproj]
  (compiling source file '../main.cpp')
  
E:\computer science\school course\cse 169\pa1\include\Window.h(28,19): error C2086: 'GLuint Window::skinShaderProgram': redefinition [E:\computer science\school course\cse 169\pa1\build\menv.vcxproj]
  (compiling source file '../src/Window.cpp')
  
  Generating Code...
